[info] Parsing from 1 files
[info] spots: 25, reads: 25
[info] spot_name check: 25 spots
[info] Parsing complete
